#
# There is insufficient memory for the Java Runtime Environment to continue.
# Native memory allocation (malloc) failed to allocate 1048576 bytes. Error detail: AllocateHeap
# Possible reasons:
#   The system is out of physical RAM or swap space
#   This process is running with CompressedOops enabled, and the Java Heap may be blocking the growth of the native heap
# Possible solutions:
#   Reduce memory load on the system
#   Increase physical memory or swap space
#   Check if swap backing store is full
#   Decrease Java heap size (-Xmx/-Xms)
#   Decrease number of Java threads
#   Decrease Java thread stack sizes (-Xss)
#   Set larger code cache with -XX:ReservedCodeCacheSize=
#   JVM is running with Unscaled Compressed Oops mode in which the Java heap is
#     placed in the first 4GB address space. The Java Heap base address is the
#     maximum limit for the native heap growth. Please use -XX:HeapBaseMinAddress
#     to set the Java Heap base and to place the Java Heap above 4GB virtual address.
# This output file may be truncated or incomplete.
#
#  Out of Memory Error (allocation.cpp:44), pid=1000, tid=28612
#
# JRE version: OpenJDK Runtime Environment Temurin-21.0.10+7 (21.0.10+7) (build 21.0.10+7-LTS)
# Java VM: OpenJDK 64-Bit Server VM Temurin-21.0.10+7 (21.0.10+7-LTS, mixed mode, sharing, tiered, compressed oops, compressed class ptrs, parallel gc, windows-amd64)
# No core dump will be written. Minidumps are not enabled by default on client versions of Windows
#

---------------  S U M M A R Y ------------

Command Line: --add-modules=ALL-SYSTEM --add-opens=java.base/java.util=ALL-UNNAMED --add-opens=java.base/java.lang=ALL-UNNAMED --add-opens=java.base/sun.nio.fs=ALL-UNNAMED -Declipse.application=org.eclipse.jdt.ls.core.id1 -Dosgi.bundles.defaultStartLevel=4 -Declipse.product=org.eclipse.jdt.ls.core.product -Djava.import.generatesMetadataFilesAtProjectRoot=false -DDetectVMInstallationsJob.disabled=true -Dfile.encoding=utf8 -XX:+UseParallelGC -XX:GCTimeRatio=4 -XX:AdaptiveSizePolicyWeight=90 -Dsun.zip.disableMemoryMapping=true -Xmx2G -Xms100m -Xlog:disable -javaagent:c:\Users\HP\.vscode\extensions\redhat.java-1.53.0-win32-x64\lombok\lombok-1.18.39-4050.jar -XX:+HeapDumpOnOutOfMemoryError -XX:HeapDumpPath=c:\Users\HP\AppData\Roaming\Code\User\workspaceStorage\b8dad535551ebcc4a6302d505ce431a7\redhat.java -Daether.dependencyCollector.impl=bf c:\Users\HP\.vscode\extensions\redhat.java-1.53.0-win32-x64\server\plugins\org.eclipse.equinox.launcher_1.7.100.v20251111-0406.jar -configuration c:\Users\HP\AppData\Roaming\Code\User\globalStorage\redhat.java\1.53.0\config_win -data c:\Users\HP\AppData\Roaming\Code\User\workspaceStorage\b8dad535551ebcc4a6302d505ce431a7\redhat.java\jdt_ws --pipe=\\.\pipe\lsp-ae7dbea31906462ac15bae3ffa1a6f79-sock

Host: Intel(R) Core(TM) i5-1035G1 CPU @ 1.00GHz, 8 cores, 15G,  Windows 11 , 64 bit Build 26100 (10.0.26100.7705)
Time: Mon Mar 16 15:43:19 2026 SE Asia Standard Time elapsed time: 1572.021799 seconds (0d 0h 26m 12s)

---------------  T H R E A D  ---------------

Current thread (0x000001b17035a110):  JavaThread "Attach Listener" daemon [_thread_in_vm, id=28612, stack(0x000000af48b00000,0x000000af48c00000) (1024K)]

Stack: [0x000000af48b00000,0x000000af48c00000]
Native frames: (J=compiled Java code, j=interpreted, Vv=VM code, C=native code)
V  [jvm.dll+0x6d7a39]
V  [jvm.dll+0x8b4b26]
V  [jvm.dll+0x8b70de]
V  [jvm.dll+0x8b77c3]
V  [jvm.dll+0x284346]
V  [jvm.dll+0xc1277]
V  [jvm.dll+0x6d82e9]
V  [jvm.dll+0x1334a6]
V  [jvm.dll+0x3f857e]
V  [jvm.dll+0x85f59d]
V  [jvm.dll+0x6d626d]
C  [ucrtbase.dll+0x37b0]
C  [KERNEL32.DLL+0x2e8d7]
C  [ntdll.dll+0x8c40c]


---------------  P R O C E S S  ---------------

Threads class SMR info:
_java_thread_list=0x000001b179470c50, length=60, elements={
0x000001b1598de730, 0x000001b15999d400, 0x000001b170354ac0, 0x000001b1703594b0,
0x000001b17035a110, 0x000001b17035e1e0, 0x000001b170366620, 0x000001b17036a930,
0x000001b171c10110, 0x000001b171e69850, 0x000001b171e6b290, 0x000001b171e691c0,
0x000001b176998420, 0x000001b176997d90, 0x000001b176995cc0, 0x000001b176996350,
0x000001b176994fa0, 0x000001b176998ab0, 0x000001b1769969e0, 0x000001b17699a4f0,
0x000001b176997700, 0x000001b17699b210, 0x000001b17699b8a0, 0x000001b17699bf30,
0x000001b17699c5c0, 0x000001b171e6ac00, 0x000001b171e69ee0, 0x000001b171e67e10,
0x000001b171e6a570, 0x000001b171e68b30, 0x000001b171e684a0, 0x000001b17abbe3b0,
0x000001b17708ed50, 0x000001b17708f3e0, 0x000001b1770921d0, 0x000001b177090100,
0x000001b1770914b0, 0x000001b17a909bc0, 0x000001b17a908ea0, 0x000001b17a907af0,
0x000001b17d05e390, 0x000001b17abc1ec0, 0x000001b17abc2550, 0x000001b176995630,
0x000001b176997070, 0x000001b17699ab80, 0x000001b17708b8d0, 0x000001b17d05fdd0,
0x000001b17d0638e0, 0x000001b17d065320, 0x000001b17a90a8e0, 0x000001b17a90b600,
0x000001b17a90d040, 0x000001b17a90e3f0, 0x000001b17abbbc50, 0x000001b17abbf760,
0x000001b17abbfdf0, 0x000001b17708e030, 0x000001b17708bf60, 0x000001b177092860
}

Java Threads: ( => current thread )
  0x000001b1598de730 JavaThread "main"                              [_thread_blocked, id=30648, stack(0x000000af48400000,0x000000af48500000) (1024K)]
  0x000001b15999d400 JavaThread "Reference Handler"          daemon [_thread_blocked, id=12936, stack(0x000000af48800000,0x000000af48900000) (1024K)]
  0x000001b170354ac0 JavaThread "Finalizer"                  daemon [_thread_blocked, id=672, stack(0x000000af48900000,0x000000af48a00000) (1024K)]
  0x000001b1703594b0 JavaThread "Signal Dispatcher"          daemon [_thread_blocked, id=13916, stack(0x000000af48a00000,0x000000af48b00000) (1024K)]
=>0x000001b17035a110 JavaThread "Attach Listener"            daemon [_thread_in_vm, id=28612, stack(0x000000af48b00000,0x000000af48c00000) (1024K)]
  0x000001b17035e1e0 JavaThread "Service Thread"             daemon [_thread_blocked, id=23012, stack(0x000000af48c00000,0x000000af48d00000) (1024K)]
  0x000001b170366620 JavaThread "Monitor Deflation Thread"   daemon [_thread_blocked, id=23904, stack(0x000000af48d00000,0x000000af48e00000) (1024K)]
  0x000001b17036a930 JavaThread "C2 CompilerThread0"         daemon [_thread_blocked, id=28000, stack(0x000000af48e00000,0x000000af48f00000) (1024K)]
  0x000001b171c10110 JavaThread "C1 CompilerThread0"         daemon [_thread_blocked, id=19028, stack(0x000000af48f00000,0x000000af49000000) (1024K)]
  0x000001b171e69850 JavaThread "Common-Cleaner"             daemon [_thread_blocked, id=17660, stack(0x000000af49100000,0x000000af49200000) (1024K)]
  0x000001b171e6b290 JavaThread "Notification Thread"        daemon [_thread_blocked, id=29116, stack(0x000000af49200000,0x000000af49300000) (1024K)]
  0x000001b171e691c0 JavaThread "Active Thread: Equinox Container: 7ceff368-1cc4-48a1-ae9e-c92377fe3c50"        [_thread_blocked, id=17840, stack(0x000000af49f00000,0x000000af4a000000) (1024K)]
  0x000001b176998420 JavaThread "Framework Event Dispatcher: Equinox Container: 7ceff368-1cc4-48a1-ae9e-c92377fe3c50" daemon [_thread_blocked, id=22480, stack(0x000000af4a000000,0x000000af4a100000) (1024K)]
  0x000001b176997d90 JavaThread "Start Level: Equinox Container: 7ceff368-1cc4-48a1-ae9e-c92377fe3c50" daemon [_thread_blocked, id=28552, stack(0x000000af4a100000,0x000000af4a200000) (1024K)]
  0x000001b176995cc0 JavaThread "Bundle File Closer"         daemon [_thread_blocked, id=21428, stack(0x000000af49000000,0x000000af49100000) (1024K)]
  0x000001b176996350 JavaThread "Refresh Thread: Equinox Container: 7ceff368-1cc4-48a1-ae9e-c92377fe3c50" daemon [_thread_blocked, id=2856, stack(0x000000af4a300000,0x000000af4a400000) (1024K)]
  0x000001b176994fa0 JavaThread "SCR Component Actor"        daemon [_thread_blocked, id=3668, stack(0x000000af49a00000,0x000000af49b00000) (1024K)]
  0x000001b176998ab0 JavaThread "Worker-JM"                         [_thread_blocked, id=2456, stack(0x000000af49b00000,0x000000af49c00000) (1024K)]
  0x000001b1769969e0 JavaThread "Java indexing"              daemon [_thread_blocked, id=4124, stack(0x000000af48100000,0x000000af48200000) (1024K)]
  0x000001b17699a4f0 JavaThread "JNA Cleaner"                daemon [_thread_blocked, id=18908, stack(0x000000af4a600000,0x000000af4a700000) (1024K)]
  0x000001b176997700 JavaThread "Thread-1"                   daemon [_thread_in_native, id=9640, stack(0x000000af4ac00000,0x000000af4ad00000) (1024K)]
  0x000001b17699b210 JavaThread "Thread-2"                   daemon [_thread_in_native, id=28940, stack(0x000000af4ad00000,0x000000af4ae00000) (1024K)]
  0x000001b17699b8a0 JavaThread "Thread-3"                   daemon [_thread_in_native, id=9868, stack(0x000000af4ae00000,0x000000af4af00000) (1024K)]
  0x000001b17699bf30 JavaThread "Thread-4"                   daemon [_thread_in_native, id=20200, stack(0x000000af4af00000,0x000000af4b000000) (1024K)]
  0x000001b17699c5c0 JavaThread "Thread-5"                   daemon [_thread_in_native, id=18544, stack(0x000000af4b000000,0x000000af4b100000) (1024K)]
  0x000001b171e6ac00 JavaThread "Thread-6"                   daemon [_thread_in_native, id=25860, stack(0x000000af4b100000,0x000000af4b200000) (1024K)]
  0x000001b171e69ee0 JavaThread "Thread-7"                   daemon [_thread_in_native, id=32324, stack(0x000000af4b200000,0x000000af4b300000) (1024K)]
  0x000001b171e67e10 JavaThread "Thread-8"                   daemon [_thread_in_native, id=25220, stack(0x000000af4b300000,0x000000af4b400000) (1024K)]
  0x000001b171e6a570 JavaThread "Thread-9"                   daemon [_thread_in_native, id=20140, stack(0x000000af4b400000,0x000000af4b500000) (1024K)]
  0x000001b171e68b30 JavaThread "pool-2-thread-1"                   [_thread_blocked, id=31756, stack(0x000000af4b500000,0x000000af4b600000) (1024K)]
  0x000001b171e684a0 JavaThread "WorkspaceEventsHandler"            [_thread_blocked, id=23180, stack(0x000000af4b700000,0x000000af4b800000) (1024K)]
  0x000001b17abbe3b0 JavaThread "pool-1-thread-1"                   [_thread_blocked, id=11052, stack(0x000000af4b800000,0x000000af4b900000) (1024K)]
  0x000001b17708ed50 JavaThread "ForkJoinPool.commonPool-worker-3" daemon [_thread_blocked, id=23448, stack(0x000000af4d100000,0x000000af4d200000) (1024K)]
  0x000001b17708f3e0 JavaThread "ForkJoinPool.commonPool-worker-7" daemon [_thread_blocked, id=14528, stack(0x000000af4d500000,0x000000af4d600000) (1024K)]
  0x000001b1770921d0 JavaThread "Cleaner-0"                  daemon [_thread_blocked, id=9404, stack(0x000000af48300000,0x000000af48400000) (1024K)]
  0x000001b177090100 JavaThread "Java Debug Server"          daemon [_thread_in_native, id=16628, stack(0x000000af4a700000,0x000000af4a800000) (1024K)]
  0x000001b1770914b0 JavaThread "pool-6-thread-1"                   [_thread_in_native, id=24236, stack(0x000000af4aa00000,0x000000af4ab00000) (1024K)]
  0x000001b17a909bc0 JavaThread "RxSchedulerPurge-1"         daemon [_thread_blocked, id=22924, stack(0x000000af4d600000,0x000000af4d700000) (1024K)]
  0x000001b17a908ea0 JavaThread "RxCachedWorkerPoolEvictor-1" daemon [_thread_blocked, id=10236, stack(0x000000af4d700000,0x000000af4d800000) (1024K)]
  0x000001b17a907af0 JavaThread "process reaper (pid 27392)" daemon [_thread_in_native, id=7248, stack(0x000000af47da0000,0x000000af47dc0000) (128K)]
  0x000001b17d05e390 JavaThread "ForkJoinPool.commonPool-worker-9" daemon [_thread_blocked, id=3236, stack(0x000000af49c00000,0x000000af49d00000) (1024K)]
  0x000001b17abc1ec0 JavaThread "Worker-13"                         [_thread_blocked, id=336, stack(0x000000af49d00000,0x000000af49e00000) (1024K)]
  0x000001b17abc2550 JavaThread "Worker-14"                         [_thread_blocked, id=16520, stack(0x000000af4a400000,0x000000af4a500000) (1024K)]
  0x000001b176995630 JavaThread "ForkJoinPool.commonPool-worker-10" daemon [_thread_blocked, id=7540, stack(0x000000af49300000,0x000000af49400000) (1024K)]
  0x000001b176997070 JavaThread "ForkJoinPool.commonPool-worker-11" daemon [_thread_blocked, id=31436, stack(0x000000af4a900000,0x000000af4aa00000) (1024K)]
  0x000001b17699ab80 JavaThread "Compiler Source File Reader" daemon [_thread_blocked, id=30344, stack(0x000000af4b600000,0x000000af4b700000) (1024K)]
  0x000001b17708b8d0 JavaThread "Compiler Source File Reader" daemon [_thread_blocked, id=25648, stack(0x000000af4a500000,0x000000af4a600000) (1024K)]
  0x000001b17d05fdd0 JavaThread "Compiler Source File Reader" daemon [_thread_blocked, id=6736, stack(0x000000af4bc00000,0x000000af4bd00000) (1024K)]
  0x000001b17d0638e0 JavaThread "Compiler Source File Reader" daemon [_thread_blocked, id=14160, stack(0x000000af4bd00000,0x000000af4be00000) (1024K)]
  0x000001b17d065320 JavaThread "RxNewThreadScheduler-3"     daemon [_thread_blocked, id=26660, stack(0x000000af4be00000,0x000000af4bf00000) (1024K)]
  0x000001b17a90a8e0 JavaThread "ForkJoinPool.commonPool-worker-13" daemon [_thread_blocked, id=21116, stack(0x000000af4ab00000,0x000000af4ac00000) (1024K)]
  0x000001b17a90b600 JavaThread "Worker-16"                         [_thread_blocked, id=15764, stack(0x000000af48200000,0x000000af48300000) (1024K)]
  0x000001b17a90d040 JavaThread "ForkJoinPool.commonPool-worker-14" daemon [_thread_blocked, id=24380, stack(0x000000af4a800000,0x000000af4a900000) (1024K)]
  0x000001b17a90e3f0 JavaThread "pool-1-thread-8"                   [_thread_blocked, id=19928, stack(0x000000af4b900000,0x000000af4ba00000) (1024K)]
  0x000001b17abbbc50 JavaThread "Worker-17"                         [_thread_blocked, id=2848, stack(0x000000af4bf00000,0x000000af4c000000) (1024K)]
  0x000001b17abbf760 JavaThread "Compiler Processing Task"   daemon [_thread_blocked, id=2552, stack(0x000000af4ba00000,0x000000af4bb00000) (1024K)]
  0x000001b17abbfdf0 JavaThread "Worker-18"                         [_thread_blocked, id=20968, stack(0x000000af4c000000,0x000000af4c100000) (1024K)]
  0x000001b17708e030 JavaThread "Compiler Source File Reader" daemon [_thread_blocked, id=16464, stack(0x000000af4bb00000,0x000000af4bc00000) (1024K)]
  0x000001b17708bf60 JavaThread "Worker-19"                         [_thread_blocked, id=21332, stack(0x000000af4c100000,0x000000af4c200000) (1024K)]
  0x000001b177092860 JavaThread "Compiler Source File Reader" daemon [_thread_blocked, id=14692, stack(0x000000af49e00000,0x000000af49f00000) (1024K)]
Total: 60

Other Threads:
  0x000001b1703525e0 VMThread "VM Thread"                           [id=29028, stack(0x000000af48700000,0x000000af48800000) (1024K)]
  0x000001b15994b840 WatcherThread "VM Periodic Task Thread"        [id=3464, stack(0x000000af48600000,0x000000af48700000) (1024K)]
  0x000001b1598fd030 WorkerThread "GC Thread#0"                     [id=31348, stack(0x000000af48500000,0x000000af48600000) (1024K)]
  0x000001b171fdfcb0 WorkerThread "GC Thread#1"                     [id=18760, stack(0x000000af49400000,0x000000af49500000) (1024K)]
  0x000001b171fe0060 WorkerThread "GC Thread#2"                     [id=17380, stack(0x000000af49500000,0x000000af49600000) (1024K)]
  0x000001b171fe0410 WorkerThread "GC Thread#3"                     [id=4176, stack(0x000000af49600000,0x000000af49700000) (1024K)]
  0x000001b171fe07c0 WorkerThread "GC Thread#4"                     [id=26976, stack(0x000000af49700000,0x000000af49800000) (1024K)]
  0x000001b171fe0b70 WorkerThread "GC Thread#5"                     [id=11636, stack(0x000000af49800000,0x000000af49900000) (1024K)]
  0x000001b17688a200 WorkerThread "GC Thread#6"                     [id=32216, stack(0x000000af49900000,0x000000af49a00000) (1024K)]
  0x000001b1769b1040 WorkerThread "GC Thread#7"                     [id=23720, stack(0x000000af4a200000,0x000000af4a300000) (1024K)]
Total: 10

Threads with active compile tasks:
Total: 0

VM state: not at safepoint (normal execution)

VM Mutex/Monitor currently owned by a thread: None

Heap address: 0x0000000080000000, size: 2048 MB, Compressed Oops mode: 32-bit

CDS archive(s) mapped at: [0x000001b100000000-0x000001b100ba0000-0x000001b100ba0000), size 12189696, SharedBaseAddress: 0x000001b100000000, ArchiveRelocationMode: 1.
Compressed class space mapped at: 0x000001b101000000-0x000001b141000000, reserved size: 1073741824
Narrow klass base: 0x000001b100000000, Narrow klass shift: 0, Narrow klass range: 0x100000000

GC Precious Log:
 CardTable entry size: 512
 CPUs: 8 total, 8 available
 Memory: 16071M
 Large Page Support: Disabled
 NUMA Support: Disabled
 Compressed Oops: Enabled (32-bit)
 Alignments: Space 512K, Generation 512K, Heap 2M
 Heap Min Capacity: 100M
 Heap Initial Capacity: 100M
 Heap Max Capacity: 2G
 Pre-touch: Disabled
 Parallel Workers: 8

Heap:
 PSYoungGen      total 8704K, used 5024K [0x00000000d5580000, 0x00000000d5e80000, 0x0000000100000000)
  eden space 7680K, 61% used [0x00000000d5580000,0x00000000d5a25950,0x00000000d5d00000)
  from space 1024K, 26% used [0x00000000d5d00000,0x00000000d5d42910,0x00000000d5e00000)
  to   space 512K, 0% used [0x00000000d5e00000,0x00000000d5e00000,0x00000000d5e80000)
 ParOldGen       total 1394176K, used 1393668K [0x0000000080000000, 0x00000000d5180000, 0x00000000d5580000)
  object space 1394176K, 99% used [0x0000000080000000,0x00000000d51010f8,0x00000000d5180000)
 Metaspace       used 98951K, committed 100992K, reserved 1179648K
  class space    used 10107K, committed 11072K, reserved 1048576K

Card table byte_map: [0x000001b1592a0000,0x000001b1596b0000] _byte_map_base: 0x000001b158ea0000

Marking Bits: (ParMarkBitMap*) 0x00007fff55873450
 Begin Bits: [0x000001b16bd90000, 0x000001b16dd90000)
 End Bits:   [0x000001b16dd90000, 0x000001b16fd90000)

Polling page: 0x000001b1577d0000

Metaspace:

Usage:
  Non-class:     86.76 MB used.
      Class:      9.87 MB used.
       Both:     96.63 MB used.

Virtual space:
  Non-class space:      128.00 MB reserved,      87.81 MB ( 69%) committed,  2 nodes.
      Class space:        1.00 GB reserved,      10.81 MB (  1%) committed,  1 nodes.
             Both:        1.12 GB reserved,      98.62 MB (  9%) committed. 

Chunk freelists:
   Non-Class:  7.76 MB
       Class:  5.22 MB
        Both:  12.98 MB

MaxMetaspaceSize: unlimited
CompressedClassSpaceSize: 1.00 GB
Initial GC threshold: 21.00 MB
Current GC threshold: 160.88 MB
CDS: on
 - commit_granule_bytes: 65536.
 - commit_granule_words: 8192.
 - virtual_space_node_default_size: 8388608.
 - enlarge_chunks_in_place: 1.
 - use_allocation_guard: 0.


Internal statistics:

num_allocs_failed_limit: 11.
num_arena_births: 2004.
num_arena_deaths: 68.
num_vsnodes_births: 3.
num_vsnodes_deaths: 0.
num_space_committed: 1578.
num_space_uncommitted: 0.
num_chunks_returned_to_freelist: 100.
num_chunks_taken_from_freelist: 6970.
num_chunk_merges: 29.
num_chunk_splits: 4140.
num_chunks_enlarged: 2237.
num_inconsistent_stats: 0.

CodeHeap 'non-profiled nmethods': size=120000Kb used=24789Kb max_used=24789Kb free=95210Kb
 bounds [0x000001b1645b0000, 0x000001b165df0000, 0x000001b16bae0000]
CodeHeap 'profiled nmethods': size=120000Kb used=44696Kb max_used=52216Kb free=75303Kb
 bounds [0x000001b15cae0000, 0x000001b15fde0000, 0x000001b164010000]
CodeHeap 'non-nmethods': size=5760Kb used=1560Kb max_used=1636Kb free=4199Kb
 bounds [0x000001b164010000, 0x000001b164280000, 0x000001b1645b0000]
CodeCache: size=245760Kb, used=71045Kb, max_used=78641Kb, free=174712Kb
 total_blobs=19280, nmethods=18403, adapters=780, full_count=0
Compilation: enabled, stopped_count=0, restarted_count=0

Compilation events (20 events):
Event: 1570.210 Thread 0x000001b17036a930 27047       4       java.util.TimSort::mergeLo (659 bytes)
Event: 1570.213 Thread 0x000001b171c10110 27048       3       org.eclipse.jdt.internal.codeassist.CompletionEngine::findLocalMethodsFromFavorites (2103 bytes)
Event: 1570.233 Thread 0x000001b171c10110 nmethod 27048 0x000001b15e108010 code [0x000001b15e108e80, 0x000001b15e115158]
Event: 1570.270 Thread 0x000001b17036a930 nmethod 27047 0x000001b165ddfc10 code [0x000001b165ddfe80, 0x000001b165de1898]
Event: 1570.988 Thread 0x000001b171c10110 27049       3       org.eclipse.jdt.internal.core.dom.rewrite.imports.ImportComparator$1::compare (13 bytes)
Event: 1570.989 Thread 0x000001b171c10110 nmethod 27049 0x000001b15ef90810 code [0x000001b15ef909e0, 0x000001b15ef90d88]
Event: 1570.989 Thread 0x000001b171c10110 27050       3       org.eclipse.jdt.internal.core.dom.rewrite.imports.ImportComparator$1::compare (12 bytes)
Event: 1570.989 Thread 0x000001b171c10110 nmethod 27050 0x000001b15ecef510 code [0x000001b15ecef6c0, 0x000001b15ecef818]
Event: 1571.432 Thread 0x000001b171c10110 27051       3       org.eclipse.jdt.core.dom.ASTConverter::convert (871 bytes)
Event: 1571.433 Thread 0x000001b17036a930 27052       4       org.eclipse.jdt.internal.compiler.lookup.ReferenceBinding::computeUniqueKey (14 bytes)
Event: 1571.434 Thread 0x000001b17036a930 nmethod 27052 0x000001b165de2490 code [0x000001b165de2620, 0x000001b165de26f8]
Event: 1571.436 Thread 0x000001b171c10110 nmethod 27051 0x000001b15da81510 code [0x000001b15da82040, 0x000001b15da89090]
Event: 1571.588 Thread 0x000001b17036a930 27053       4       org.eclipse.jdt.internal.compiler.ast.ConstructorDeclaration::<init> (6 bytes)
Event: 1571.589 Thread 0x000001b17036a930 nmethod 27053 0x000001b165de2810 code [0x000001b165de29a0, 0x000001b165de2a50]
Event: 1571.595 Thread 0x000001b171c10110 27054       3       org.eclipse.jdt.internal.compiler.parser.Scanner::isLiteral (56 bytes)
Event: 1571.596 Thread 0x000001b171c10110 nmethod 27054 0x000001b15ef02610 code [0x000001b15ef027c0, 0x000001b15ef02a10]
Event: 1571.811 Thread 0x000001b17036a930 27055       4       org.eclipse.jdt.internal.compiler.lookup.ImplicitNullAnnotationVerifier::ensureNullnessIsKnown (41 bytes)
Event: 1571.816 Thread 0x000001b17036a930 nmethod 27055 0x000001b165de2b10 code [0x000001b165de2cc0, 0x000001b165de2e88]
Event: 1571.925 Thread 0x000001b17036a930 27056       4       org.eclipse.core.internal.resources.Resource::isFilteredWithException (162 bytes)
Event: 1571.966 Thread 0x000001b17036a930 nmethod 27056 0x000001b165de3090 code [0x000001b165de3360, 0x000001b165de4290]

GC Heap History (20 events):
Event: 1569.292 GC heap before
{Heap before GC invocations=5259 (full 6):
 PSYoungGen      total 8704K, used 7994K [0x00000000d5580000, 0x00000000d5f00000, 0x0000000100000000)
  eden space 7680K, 100% used [0x00000000d5580000,0x00000000d5d00000,0x00000000d5d00000)
  from space 1024K, 30% used [0x00000000d5d00000,0x00000000d5d4e900,0x00000000d5e00000)
  to   space 512K, 0% used [0x00000000d5e80000,0x00000000d5e80000,0x00000000d5f00000)
 ParOldGen       total 1392128K, used 1392097K [0x0000000080000000, 0x00000000d4f80000, 0x00000000d5580000)
  object space 1392128K, 99% used [0x0000000080000000,0x00000000d4f78658,0x00000000d4f80000)
 Metaspace       used 98908K, committed 100992K, reserved 1179648K
  class space    used 10104K, committed 11072K, reserved 1048576K
}
Event: 1569.296 GC heap after
{Heap after GC invocations=5259 (full 6):
 PSYoungGen      total 8192K, used 474K [0x00000000d5580000, 0x00000000d5f00000, 0x0000000100000000)
  eden space 7680K, 0% used [0x00000000d5580000,0x00000000d5580000,0x00000000d5d00000)
  from space 512K, 92% used [0x00000000d5e80000,0x00000000d5ef6900,0x00000000d5f00000)
  to   space 512K, 0% used [0x00000000d5e00000,0x00000000d5e00000,0x00000000d5e80000)
 ParOldGen       total 1392640K, used 1392161K [0x0000000080000000, 0x00000000d5000000, 0x00000000d5580000)
  object space 1392640K, 99% used [0x0000000080000000,0x00000000d4f88668,0x00000000d5000000)
 Metaspace       used 98908K, committed 100992K, reserved 1179648K
  class space    used 10104K, committed 11072K, reserved 1048576K
}
Event: 1569.321 GC heap before
{Heap before GC invocations=5260 (full 6):
 PSYoungGen      total 8192K, used 8154K [0x00000000d5580000, 0x00000000d5f00000, 0x0000000100000000)
  eden space 7680K, 100% used [0x00000000d5580000,0x00000000d5d00000,0x00000000d5d00000)
  from space 512K, 92% used [0x00000000d5e80000,0x00000000d5ef6900,0x00000000d5f00000)
  to   space 512K, 0% used [0x00000000d5e00000,0x00000000d5e00000,0x00000000d5e80000)
 ParOldGen       total 1392640K, used 1392161K [0x0000000080000000, 0x00000000d5000000, 0x00000000d5580000)
  object space 1392640K, 99% used [0x0000000080000000,0x00000000d4f88668,0x00000000d5000000)
 Metaspace       used 98908K, committed 100992K, reserved 1179648K
  class space    used 10104K, committed 11072K, reserved 1048576K
}
Event: 1569.325 GC heap after
{Heap after GC invocations=5260 (full 6):
 PSYoungGen      total 8192K, used 160K [0x00000000d5580000, 0x00000000d5f00000, 0x0000000100000000)
  eden space 7680K, 0% used [0x00000000d5580000,0x00000000d5580000,0x00000000d5d00000)
  from space 512K, 31% used [0x00000000d5e00000,0x00000000d5e28000,0x00000000d5e80000)
  to   space 512K, 0% used [0x00000000d5e80000,0x00000000d5e80000,0x00000000d5f00000)
 ParOldGen       total 1392640K, used 1392205K [0x0000000080000000, 0x00000000d5000000, 0x00000000d5580000)
  object space 1392640K, 99% used [0x0000000080000000,0x00000000d4f937b8,0x00000000d5000000)
 Metaspace       used 98908K, committed 100992K, reserved 1179648K
  class space    used 10104K, committed 11072K, reserved 1048576K
}
Event: 1569.339 GC heap before
{Heap before GC invocations=5261 (full 6):
 PSYoungGen      total 8192K, used 7840K [0x00000000d5580000, 0x00000000d5f00000, 0x0000000100000000)
  eden space 7680K, 100% used [0x00000000d5580000,0x00000000d5d00000,0x00000000d5d00000)
  from space 512K, 31% used [0x00000000d5e00000,0x00000000d5e28000,0x00000000d5e80000)
  to   space 512K, 0% used [0x00000000d5e80000,0x00000000d5e80000,0x00000000d5f00000)
 ParOldGen       total 1392640K, used 1392205K [0x0000000080000000, 0x00000000d5000000, 0x00000000d5580000)
  object space 1392640K, 99% used [0x0000000080000000,0x00000000d4f937b8,0x00000000d5000000)
 Metaspace       used 98908K, committed 100992K, reserved 1179648K
  class space    used 10104K, committed 11072K, reserved 1048576K
}
Event: 1569.343 GC heap after
{Heap after GC invocations=5261 (full 6):
 PSYoungGen      total 8192K, used 378K [0x00000000d5580000, 0x00000000d5f00000, 0x0000000100000000)
  eden space 7680K, 0% used [0x00000000d5580000,0x00000000d5580000,0x00000000d5d00000)
  from space 512K, 73% used [0x00000000d5e80000,0x00000000d5ede900,0x00000000d5f00000)
  to   space 512K, 0% used [0x00000000d5e00000,0x00000000d5e00000,0x00000000d5e80000)
 ParOldGen       total 1392640K, used 1392205K [0x0000000080000000, 0x00000000d5000000, 0x00000000d5580000)
  object space 1392640K, 99% used [0x0000000080000000,0x00000000d4f937b8,0x00000000d5000000)
 Metaspace       used 98908K, committed 100992K, reserved 1179648K
  class space    used 10104K, committed 11072K, reserved 1048576K
}
Event: 1569.365 GC heap before
{Heap before GC invocations=5262 (full 6):
 PSYoungGen      total 8192K, used 8058K [0x00000000d5580000, 0x00000000d5f00000, 0x0000000100000000)
  eden space 7680K, 100% used [0x00000000d5580000,0x00000000d5d00000,0x00000000d5d00000)
  from space 512K, 73% used [0x00000000d5e80000,0x00000000d5ede900,0x00000000d5f00000)
  to   space 512K, 0% used [0x00000000d5e00000,0x00000000d5e00000,0x00000000d5e80000)
 ParOldGen       total 1392640K, used 1392205K [0x0000000080000000, 0x00000000d5000000, 0x00000000d5580000)
  object space 1392640K, 99% used [0x0000000080000000,0x00000000d4f937b8,0x00000000d5000000)
 Metaspace       used 98908K, committed 100992K, reserved 1179648K
  class space    used 10104K, committed 11072K, reserved 1048576K
}
Event: 1569.370 GC heap after
{Heap after GC invocations=5262 (full 6):
 PSYoungGen      total 8192K, used 510K [0x00000000d5580000, 0x00000000d5f00000, 0x0000000100000000)
  eden space 7680K, 0% used [0x00000000d5580000,0x00000000d5580000,0x00000000d5d00000)
  from space 512K, 99% used [0x00000000d5e00000,0x00000000d5e7f980,0x00000000d5e80000)
  to   space 512K, 0% used [0x00000000d5e80000,0x00000000d5e80000,0x00000000d5f00000)
 ParOldGen       total 1392640K, used 1392333K [0x0000000080000000, 0x00000000d5000000, 0x00000000d5580000)
  object space 1392640K, 99% used [0x0000000080000000,0x00000000d4fb37c8,0x00000000d5000000)
 Metaspace       used 98908K, committed 100992K, reserved 1179648K
  class space    used 10104K, committed 11072K, reserved 1048576K
}
Event: 1569.546 GC heap before
{Heap before GC invocations=5263 (full 6):
 PSYoungGen      total 8192K, used 8190K [0x00000000d5580000, 0x00000000d5f00000, 0x0000000100000000)
  eden space 7680K, 100% used [0x00000000d5580000,0x00000000d5d00000,0x00000000d5d00000)
  from space 512K, 99% used [0x00000000d5e00000,0x00000000d5e7f980,0x00000000d5e80000)
  to   space 512K, 0% used [0x00000000d5e80000,0x00000000d5e80000,0x00000000d5f00000)
 ParOldGen       total 1392640K, used 1392333K [0x0000000080000000, 0x00000000d5000000, 0x00000000d5580000)
  object space 1392640K, 99% used [0x0000000080000000,0x00000000d4fb37c8,0x00000000d5000000)
 Metaspace       used 98909K, committed 100992K, reserved 1179648K
  class space    used 10104K, committed 11072K, reserved 1048576K
}
Event: 1569.552 GC heap after
{Heap after GC invocations=5263 (full 6):
 PSYoungGen      total 8192K, used 500K [0x00000000d5580000, 0x00000000d6000000, 0x0000000100000000)
  eden space 7680K, 0% used [0x00000000d5580000,0x00000000d5580000,0x00000000d5d00000)
  from space 512K, 97% used [0x00000000d5e80000,0x00000000d5efd200,0x00000000d5f00000)
  to   space 1536K, 0% used [0x00000000d5d00000,0x00000000d5d00000,0x00000000d5e80000)
 ParOldGen       total 1393152K, used 1392943K [0x0000000080000000, 0x00000000d5080000, 0x00000000d5580000)
  object space 1393152K, 99% used [0x0000000080000000,0x00000000d504bef8,0x00000000d5080000)
 Metaspace       used 98909K, committed 100992K, reserved 1179648K
  class space    used 10104K, committed 11072K, reserved 1048576K
}
Event: 1569.894 GC heap before
{Heap before GC invocations=5264 (full 6):
 PSYoungGen      total 8192K, used 8180K [0x00000000d5580000, 0x00000000d6000000, 0x0000000100000000)
  eden space 7680K, 99% used [0x00000000d5580000,0x00000000d5cffff0,0x00000000d5d00000)
  from space 512K, 97% used [0x00000000d5e80000,0x00000000d5efd200,0x00000000d5f00000)
  to   space 1536K, 0% used [0x00000000d5d00000,0x00000000d5d00000,0x00000000d5e80000)
 ParOldGen       total 1393152K, used 1392943K [0x0000000080000000, 0x00000000d5080000, 0x00000000d5580000)
  object space 1393152K, 99% used [0x0000000080000000,0x00000000d504bef8,0x00000000d5080000)
 Metaspace       used 98915K, committed 100992K, reserved 1179648K
  class space    used 10104K, committed 11072K, reserved 1048576K
}
Event: 1569.899 GC heap after
{Heap after GC invocations=5264 (full 6):
 PSYoungGen      total 8192K, used 362K [0x00000000d5580000, 0x00000000d5f00000, 0x0000000100000000)
  eden space 7680K, 0% used [0x00000000d5580000,0x00000000d5580000,0x00000000d5d00000)
  from space 512K, 70% used [0x00000000d5d00000,0x00000000d5d5a910,0x00000000d5d80000)
  to   space 1024K, 0% used [0x00000000d5e00000,0x00000000d5e00000,0x00000000d5f00000)
 ParOldGen       total 1393664K, used 1393452K [0x0000000080000000, 0x00000000d5100000, 0x00000000d5580000)
  object space 1393664K, 99% used [0x0000000080000000,0x00000000d50cb0f8,0x00000000d5100000)
 Metaspace       used 98915K, committed 100992K, reserved 1179648K
  class space    used 10104K, committed 11072K, reserved 1048576K
}
Event: 1570.204 GC heap before
{Heap before GC invocations=5265 (full 6):
 PSYoungGen      total 8192K, used 8042K [0x00000000d5580000, 0x00000000d5f00000, 0x0000000100000000)
  eden space 7680K, 100% used [0x00000000d5580000,0x00000000d5d00000,0x00000000d5d00000)
  from space 512K, 70% used [0x00000000d5d00000,0x00000000d5d5a910,0x00000000d5d80000)
  to   space 1024K, 0% used [0x00000000d5e00000,0x00000000d5e00000,0x00000000d5f00000)
 ParOldGen       total 1393664K, used 1393452K [0x0000000080000000, 0x00000000d5100000, 0x00000000d5580000)
  object space 1393664K, 99% used [0x0000000080000000,0x00000000d50cb0f8,0x00000000d5100000)
 Metaspace       used 98916K, committed 100992K, reserved 1179648K
  class space    used 10104K, committed 11072K, reserved 1048576K
}
Event: 1570.207 GC heap after
{Heap after GC invocations=5265 (full 6):
 PSYoungGen      total 8192K, used 468K [0x00000000d5580000, 0x00000000d5e80000, 0x0000000100000000)
  eden space 7680K, 0% used [0x00000000d5580000,0x00000000d5580000,0x00000000d5d00000)
  from space 512K, 91% used [0x00000000d5e00000,0x00000000d5e75200,0x00000000d5e80000)
  to   space 512K, 0% used [0x00000000d5d00000,0x00000000d5d00000,0x00000000d5d80000)
 ParOldGen       total 1393664K, used 1393556K [0x0000000080000000, 0x00000000d5100000, 0x00000000d5580000)
  object space 1393664K, 99% used [0x0000000080000000,0x00000000d50e50f8,0x00000000d5100000)
 Metaspace       used 98916K, committed 100992K, reserved 1179648K
  class space    used 10104K, committed 11072K, reserved 1048576K
}
Event: 1571.092 GC heap before
{Heap before GC invocations=5266 (full 6):
 PSYoungGen      total 8192K, used 8148K [0x00000000d5580000, 0x00000000d5e80000, 0x0000000100000000)
  eden space 7680K, 100% used [0x00000000d5580000,0x00000000d5d00000,0x00000000d5d00000)
  from space 512K, 91% used [0x00000000d5e00000,0x00000000d5e75200,0x00000000d5e80000)
  to   space 512K, 0% used [0x00000000d5d00000,0x00000000d5d00000,0x00000000d5d80000)
 ParOldGen       total 1393664K, used 1393556K [0x0000000080000000, 0x00000000d5100000, 0x00000000d5580000)
  object space 1393664K, 99% used [0x0000000080000000,0x00000000d50e50f8,0x00000000d5100000)
 Metaspace       used 98939K, committed 100992K, reserved 1179648K
  class space    used 10104K, committed 11072K, reserved 1048576K
}
Event: 1571.097 GC heap after
{Heap after GC invocations=5266 (full 6):
 PSYoungGen      total 8192K, used 484K [0x00000000d5580000, 0x00000000d5f00000, 0x0000000100000000)
  eden space 7680K, 0% used [0x00000000d5580000,0x00000000d5580000,0x00000000d5d00000)
  from space 512K, 94% used [0x00000000d5d00000,0x00000000d5d79210,0x00000000d5d80000)
  to   space 1024K, 0% used [0x00000000d5e00000,0x00000000d5e00000,0x00000000d5f00000)
 ParOldGen       total 1393664K, used 1393604K [0x0000000080000000, 0x00000000d5100000, 0x00000000d5580000)
  object space 1393664K, 99% used [0x0000000080000000,0x00000000d50f10f8,0x00000000d5100000)
 Metaspace       used 98939K, committed 100992K, reserved 1179648K
  class space    used 10104K, committed 11072K, reserved 1048576K
}
Event: 1571.463 GC heap before
{Heap before GC invocations=5267 (full 6):
 PSYoungGen      total 8192K, used 8164K [0x00000000d5580000, 0x00000000d5f00000, 0x0000000100000000)
  eden space 7680K, 100% used [0x00000000d5580000,0x00000000d5d00000,0x00000000d5d00000)
  from space 512K, 94% used [0x00000000d5d00000,0x00000000d5d79210,0x00000000d5d80000)
  to   space 1024K, 0% used [0x00000000d5e00000,0x00000000d5e00000,0x00000000d5f00000)
 ParOldGen       total 1393664K, used 1393604K [0x0000000080000000, 0x00000000d5100000, 0x00000000d5580000)
  object space 1393664K, 99% used [0x0000000080000000,0x00000000d50f10f8,0x00000000d5100000)
 Metaspace       used 98939K, committed 100992K, reserved 1179648K
  class space    used 10104K, committed 11072K, reserved 1048576K
}
Event: 1571.468 GC heap after
{Heap after GC invocations=5267 (full 6):
 PSYoungGen      total 8704K, used 708K [0x00000000d5580000, 0x00000000d5f00000, 0x0000000100000000)
  eden space 7680K, 0% used [0x00000000d5580000,0x00000000d5580000,0x00000000d5d00000)
  from space 1024K, 69% used [0x00000000d5e00000,0x00000000d5eb1210,0x00000000d5f00000)
  to   space 1024K, 0% used [0x00000000d5d00000,0x00000000d5d00000,0x00000000d5e00000)
 ParOldGen       total 1393664K, used 1393644K [0x0000000080000000, 0x00000000d5100000, 0x00000000d5580000)
  object space 1393664K, 99% used [0x0000000080000000,0x00000000d50fb0f8,0x00000000d5100000)
 Metaspace       used 98939K, committed 100992K, reserved 1179648K
  class space    used 10104K, committed 11072K, reserved 1048576K
}
Event: 1571.795 GC heap before
{Heap before GC invocations=5268 (full 6):
 PSYoungGen      total 8704K, used 8388K [0x00000000d5580000, 0x00000000d5f00000, 0x0000000100000000)
  eden space 7680K, 100% used [0x00000000d5580000,0x00000000d5d00000,0x00000000d5d00000)
  from space 1024K, 69% used [0x00000000d5e00000,0x00000000d5eb1210,0x00000000d5f00000)
  to   space 1024K, 0% used [0x00000000d5d00000,0x00000000d5d00000,0x00000000d5e00000)
 ParOldGen       total 1393664K, used 1393644K [0x0000000080000000, 0x00000000d5100000, 0x00000000d5580000)
  object space 1393664K, 99% used [0x0000000080000000,0x00000000d50fb0f8,0x00000000d5100000)
 Metaspace       used 98951K, committed 100992K, reserved 1179648K
  class space    used 10107K, committed 11072K, reserved 1048576K
}
Event: 1571.800 GC heap after
{Heap after GC invocations=5268 (full 6):
 PSYoungGen      total 8704K, used 266K [0x00000000d5580000, 0x00000000d5e80000, 0x0000000100000000)
  eden space 7680K, 0% used [0x00000000d5580000,0x00000000d5580000,0x00000000d5d00000)
  from space 1024K, 26% used [0x00000000d5d00000,0x00000000d5d42910,0x00000000d5e00000)
  to   space 512K, 0% used [0x00000000d5e00000,0x00000000d5e00000,0x00000000d5e80000)
 ParOldGen       total 1394176K, used 1393668K [0x0000000080000000, 0x00000000d5180000, 0x00000000d5580000)
  object space 1394176K, 99% used [0x0000000080000000,0x00000000d51010f8,0x00000000d5180000)
 Metaspace       used 98951K, committed 100992K, reserved 1179648K
  class space    used 10107K, committed 11072K, reserved 1048576K
}

Dll operation events (14 events):
Event: 0.020 Loaded shared library c:\Users\HP\.vscode\extensions\redhat.java-1.53.0-win32-x64\jre\21.0.10-win32-x86_64\bin\java.dll
Event: 0.179 Loaded shared library c:\Users\HP\.vscode\extensions\redhat.java-1.53.0-win32-x64\jre\21.0.10-win32-x86_64\bin\zip.dll
Event: 0.250 Loaded shared library C:\Users\HP\.vscode\extensions\redhat.java-1.53.0-win32-x64\jre\21.0.10-win32-x86_64\bin\instrument.dll
Event: 0.258 Loaded shared library C:\Users\HP\.vscode\extensions\redhat.java-1.53.0-win32-x64\jre\21.0.10-win32-x86_64\bin\net.dll
Event: 0.262 Loaded shared library C:\Users\HP\.vscode\extensions\redhat.java-1.53.0-win32-x64\jre\21.0.10-win32-x86_64\bin\nio.dll
Event: 0.267 Loaded shared library C:\Users\HP\.vscode\extensions\redhat.java-1.53.0-win32-x64\jre\21.0.10-win32-x86_64\bin\zip.dll
Event: 0.311 Loaded shared library C:\Users\HP\.vscode\extensions\redhat.java-1.53.0-win32-x64\jre\21.0.10-win32-x86_64\bin\jimage.dll
Event: 0.442 Loaded shared library c:\Users\HP\.vscode\extensions\redhat.java-1.53.0-win32-x64\jre\21.0.10-win32-x86_64\bin\verify.dll
Event: 3.767 Loaded shared library C:\Users\HP\AppData\Roaming\Code\User\globalStorage\redhat.java\1.53.0\config_win\org.eclipse.equinox.launcher\org.eclipse.equinox.launcher.win32.win32.x86_64_1.3.0.v20260203-2149\eclipse_11919.dll
Event: 27.057 Loaded shared library C:\Users\HP\.vscode\extensions\redhat.java-1.53.0-win32-x64\jre\21.0.10-win32-x86_64\bin\management.dll
Event: 27.070 Loaded shared library C:\Users\HP\.vscode\extensions\redhat.java-1.53.0-win32-x64\jre\21.0.10-win32-x86_64\bin\management_ext.dll
Event: 31.541 Loaded shared library C:\Users\HP\AppData\Local\Temp\jna-1141125397\jna6074520399110349181.dll
Event: 31.969 Loaded shared library C:\Users\HP\.vscode\extensions\redhat.java-1.53.0-win32-x64\jre\21.0.10-win32-x86_64\bin\sunmscapi.dll
Event: 32.843 Loaded shared library C:\Users\HP\.vscode\extensions\redhat.java-1.53.0-win32-x64\jre\21.0.10-win32-x86_64\bin\extnet.dll

Deoptimization events (20 events):
Event: 1569.067 Thread 0x000001b17a90e3f0 Uncommon trap: trap_request=0xffffffde fr.pc=0x000001b165c6a798 relative=0x0000000000000b58
Event: 1569.067 Thread 0x000001b17a90e3f0 Uncommon trap: reason=class_check action=maybe_recompile pc=0x000001b165c6a798 method=org.eclipse.jdt.internal.compiler.lookup.ClassScope.detectHierarchyCycle(Lorg/eclipse/jdt/internal/compiler/lookup/SourceTypeBinding;Lorg/eclipse/jdt/internal/compiler/l
Event: 1569.067 Thread 0x000001b17a90e3f0 DEOPT PACKING pc=0x000001b165c6a798 sp=0x000000af4b9fdbd0
Event: 1569.067 Thread 0x000001b17a90e3f0 DEOPT UNPACKING pc=0x000001b164066da2 sp=0x000000af4b9fdb58 mode 2
Event: 1569.183 Thread 0x000001b17a90e3f0 DEOPT PACKING pc=0x000001b15dfa7089 sp=0x000000af4b9fe3c0
Event: 1569.183 Thread 0x000001b17a90e3f0 DEOPT UNPACKING pc=0x000001b1640678e2 sp=0x000000af4b9fd8a0 mode 0
Event: 1569.361 Thread 0x000001b17a90a8e0 DEOPT PACKING pc=0x000001b15e70e190 sp=0x000000af4abfdf20
Event: 1569.361 Thread 0x000001b17a90a8e0 DEOPT UNPACKING pc=0x000001b1640678e2 sp=0x000000af4abfd430 mode 0
Event: 1569.480 Thread 0x000001b17a90a8e0 Uncommon trap: trap_request=0xffffffc6 fr.pc=0x000001b1651c1a00 relative=0x00000000000004c0
Event: 1569.480 Thread 0x000001b17a90a8e0 Uncommon trap: reason=bimorphic_or_optimized_type_check action=maybe_recompile pc=0x000001b1651c1a00 method=org.eclipse.jdt.internal.compiler.parser.Scanner.maybeAtLambdaOrCast()Z @ 129 c2
Event: 1569.480 Thread 0x000001b17a90a8e0 DEOPT PACKING pc=0x000001b1651c1a00 sp=0x000000af4abfded0
Event: 1569.480 Thread 0x000001b17a90a8e0 DEOPT UNPACKING pc=0x000001b164066da2 sp=0x000000af4abfde08 mode 2
Event: 1569.883 Thread 0x000001b17a90b600 Uncommon trap: trap_request=0xffffffc6 fr.pc=0x000001b1651c1a00 relative=0x00000000000004c0
Event: 1569.883 Thread 0x000001b17a90b600 Uncommon trap: reason=bimorphic_or_optimized_type_check action=maybe_recompile pc=0x000001b1651c1a00 method=org.eclipse.jdt.internal.compiler.parser.Scanner.maybeAtLambdaOrCast()Z @ 129 c2
Event: 1569.883 Thread 0x000001b17a90b600 DEOPT PACKING pc=0x000001b1651c1a00 sp=0x000000af482fe140
Event: 1569.883 Thread 0x000001b17a90b600 DEOPT UNPACKING pc=0x000001b164066da2 sp=0x000000af482fe078 mode 2
Event: 1570.193 Thread 0x000001b17708ed50 DEOPT PACKING pc=0x000001b15fa71322 sp=0x000000af4d1fdc20
Event: 1570.193 Thread 0x000001b17708ed50 DEOPT UNPACKING pc=0x000001b1640678e2 sp=0x000000af4d1fd050 mode 0
Event: 1571.418 Thread 0x000001b17708ed50 DEOPT PACKING pc=0x000001b15e70e190 sp=0x000000af4d1fdc90
Event: 1571.418 Thread 0x000001b17708ed50 DEOPT UNPACKING pc=0x000001b1640678e2 sp=0x000000af4d1fd1a0 mode 0

Classes loaded (20 events):
Event: 145.446 Loading class java/util/concurrent/CompletableFuture$UniCompose
Event: 145.446 Loading class java/util/concurrent/CompletableFuture$UniCompose done
Event: 145.447 Loading class java/util/concurrent/CompletableFuture$UniRelay
Event: 145.447 Loading class java/util/concurrent/CompletableFuture$UniRelay done
Event: 146.235 Loading class java/util/concurrent/ScheduledThreadPoolExecutor$DelayedWorkQueue$Itr
Event: 146.235 Loading class java/util/concurrent/ScheduledThreadPoolExecutor$DelayedWorkQueue$Itr done
Event: 147.985 Loading class java/lang/ProcessHandleImpl$ExitCompletion
Event: 147.985 Loading class java/lang/ProcessHandleImpl$ExitCompletion done
Event: 147.985 Loading class java/lang/ProcessHandleImpl$1
Event: 147.986 Loading class java/lang/ProcessHandleImpl$1 done
Event: 147.987 Loading class java/util/concurrent/CompletableFuture$UniHandle
Event: 147.988 Loading class java/util/concurrent/CompletableFuture$UniHandle done
Event: 218.194 Loading class java/util/function/IntPredicate
Event: 218.194 Loading class java/util/function/IntPredicate done
Event: 218.207 Loading class java/util/regex/Pattern$Bound
Event: 218.207 Loading class java/util/regex/Pattern$Bound done
Event: 225.356 Loading class java/nio/channels/CompletionHandler
Event: 225.356 Loading class java/nio/channels/CompletionHandler done
Event: 1519.896 Loading class java/lang/StringLatin1$CharsSpliterator
Event: 1519.896 Loading class java/lang/StringLatin1$CharsSpliterator done

Classes unloaded (20 events):
Event: 217.555 Thread 0x000001b1703525e0 Unloading class 0x000001b10181a000 'com/google/gson/internal/reflect/ReflectionHelper$RecordSupportedHelper$$InjectedInvoker+0x000001b10181a000'
Event: 217.555 Thread 0x000001b1703525e0 Unloading class 0x000001b101819400 'java/lang/invoke/LambdaForm$MH+0x000001b101819400'
Event: 217.555 Thread 0x000001b1703525e0 Unloading class 0x000001b101819000 'java/lang/invoke/LambdaForm$MH+0x000001b101819000'
Event: 217.555 Thread 0x000001b1703525e0 Unloading class 0x000001b101818c00 'java/lang/invoke/LambdaForm$MH+0x000001b101818c00'
Event: 217.555 Thread 0x000001b1703525e0 Unloading class 0x000001b101818800 'java/lang/invoke/LambdaForm$MH+0x000001b101818800'
Event: 217.555 Thread 0x000001b1703525e0 Unloading class 0x000001b101816800 'java/lang/invoke/LambdaForm$MH+0x000001b101816800'
Event: 217.555 Thread 0x000001b1703525e0 Unloading class 0x000001b101816c00 'java/lang/invoke/LambdaForm$MH+0x000001b101816c00'
Event: 217.555 Thread 0x000001b1703525e0 Unloading class 0x000001b101816000 'java/lang/invoke/LambdaForm$DMH+0x000001b101816000'
Event: 217.555 Thread 0x000001b1703525e0 Unloading class 0x000001b101815800 'java/lang/invoke/LambdaForm$DMH+0x000001b101815800'
Event: 217.555 Thread 0x000001b1703525e0 Unloading class 0x000001b101814400 'java/lang/invoke/LambdaForm$MH+0x000001b101814400'
Event: 217.555 Thread 0x000001b1703525e0 Unloading class 0x000001b101813800 'java/lang/invoke/LambdaForm$DMH+0x000001b101813800'
Event: 217.555 Thread 0x000001b1703525e0 Unloading class 0x000001b101812800 'java/lang/invoke/LambdaForm$MH+0x000001b101812800'
Event: 217.555 Thread 0x000001b1703525e0 Unloading class 0x000001b101812000 'java/lang/invoke/LambdaForm$MH+0x000001b101812000'
Event: 217.555 Thread 0x000001b1703525e0 Unloading class 0x000001b101811400 'java/lang/invoke/LambdaForm$MH+0x000001b101811400'
Event: 217.555 Thread 0x000001b1703525e0 Unloading class 0x000001b101810c00 'java/lang/invoke/LambdaForm$DMH+0x000001b101810c00'
Event: 217.555 Thread 0x000001b1703525e0 Unloading class 0x000001b101810400 'java/lang/invoke/LambdaForm$MH+0x000001b101810400'
Event: 217.555 Thread 0x000001b1703525e0 Unloading class 0x000001b10180b400 'java/lang/invoke/LambdaForm$MH+0x000001b10180b400'
Event: 217.555 Thread 0x000001b1703525e0 Unloading class 0x000001b10180b000 'java/lang/invoke/LambdaForm$MH+0x000001b10180b000'
Event: 217.555 Thread 0x000001b1703525e0 Unloading class 0x000001b101809c00 'java/lang/invoke/LambdaForm$MH+0x000001b101809c00'
Event: 217.555 Thread 0x000001b1703525e0 Unloading class 0x000001b10180a000 'java/lang/invoke/LambdaForm$MH+0x000001b10180a000'

Classes redefined (0 events):
No events

Internal exceptions (20 events):
Event: 1461.823 Thread 0x000001b176995630 Exception <a 'java/lang/ArrayIndexOutOfBoundsException'{0x00000000d56e3f78}> (0x00000000d56e3f78) 
thrown [s\src\hotspot\share\runtime\sharedRuntime.cpp, line 625]
Event: 1461.841 Thread 0x000001b17a90a8e0 Exception <a 'java/lang/ArrayIndexOutOfBoundsException'{0x00000000d56982a8}> (0x00000000d56982a8) 
thrown [s\src\hotspot\share\runtime\sharedRuntime.cpp, line 625]
Event: 1461.866 Thread 0x000001b17a90a8e0 Exception <a 'java/lang/ArrayIndexOutOfBoundsException'{0x00000000d560d330}> (0x00000000d560d330) 
thrown [s\src\hotspot\share\runtime\sharedRuntime.cpp, line 625]
Event: 1462.399 Thread 0x000001b17d05e390 Exception <a 'java/lang/ArrayIndexOutOfBoundsException'{0x00000000d57fbd58}> (0x00000000d57fbd58) 
thrown [s\src\hotspot\share\runtime\sharedRuntime.cpp, line 625]
Event: 1462.434 Thread 0x000001b17d05e390 Exception <a 'java/lang/ArrayIndexOutOfBoundsException'{0x00000000d5749520}> (0x00000000d5749520) 
thrown [s\src\hotspot\share\runtime\sharedRuntime.cpp, line 625]
Event: 1463.100 Thread 0x000001b17d05e390 Exception <a 'java/lang/ArrayIndexOutOfBoundsException'{0x00000000d56cc2c8}> (0x00000000d56cc2c8) 
thrown [s\src\hotspot\share\runtime\sharedRuntime.cpp, line 625]
Event: 1463.121 Thread 0x000001b17d05e390 Exception <a 'java/lang/ArrayIndexOutOfBoundsException'{0x00000000d564c400}> (0x00000000d564c400) 
thrown [s\src\hotspot\share\runtime\sharedRuntime.cpp, line 625]
Event: 1464.522 Thread 0x000001b17abbe3b0 Exception <a 'java/lang/ArrayIndexOutOfBoundsException'{0x00000000d594ecd0}> (0x00000000d594ecd0) 
thrown [s\src\hotspot\share\runtime\sharedRuntime.cpp, line 625]
Event: 1464.655 Thread 0x000001b17a90d040 Exception <a 'java/lang/ArrayIndexOutOfBoundsException'{0x00000000d56dc108}> (0x00000000d56dc108) 
thrown [s\src\hotspot\share\runtime\sharedRuntime.cpp, line 625]
Event: 1464.670 Thread 0x000001b17a90d040 Exception <a 'java/lang/ArrayIndexOutOfBoundsException'{0x00000000d56382b0}> (0x00000000d56382b0) 
thrown [s\src\hotspot\share\runtime\sharedRuntime.cpp, line 625]
Event: 1472.276 Thread 0x000001b17abbe3b0 Implicit null exception at 0x000001b164e76bb1 to 0x000001b164e773ec
Event: 1472.287 Thread 0x000001b1769969e0 Exception <a 'sun/nio/fs/WindowsException'{0x00000000d56a76b8}> (0x00000000d56a76b8) 
thrown [s\src\hotspot\share\prims\jni.cpp, line 520]
Event: 1473.017 Thread 0x000001b1769969e0 Exception <a 'sun/nio/fs/WindowsException'{0x00000000d56d03e0}> (0x00000000d56d03e0) 
thrown [s\src\hotspot\share\prims\jni.cpp, line 520]
Event: 1497.723 Thread 0x000001b1769969e0 Exception <a 'sun/nio/fs/WindowsException'{0x00000000d583c2a8}> (0x00000000d583c2a8) 
thrown [s\src\hotspot\share\prims\jni.cpp, line 520]
Event: 1498.305 Thread 0x000001b1769969e0 Exception <a 'sun/nio/fs/WindowsException'{0x00000000d56f2310}> (0x00000000d56f2310) 
thrown [s\src\hotspot\share\prims\jni.cpp, line 520]
Event: 1515.787 Thread 0x000001b1769969e0 Exception <a 'sun/nio/fs/WindowsException'{0x00000000d56ac9e0}> (0x00000000d56ac9e0) 
thrown [s\src\hotspot\share\prims\jni.cpp, line 520]
Event: 1516.190 Thread 0x000001b1769969e0 Exception <a 'sun/nio/fs/WindowsException'{0x00000000d56d6e18}> (0x00000000d56d6e18) 
thrown [s\src\hotspot\share\prims\jni.cpp, line 520]
Event: 1521.889 Thread 0x000001b1769969e0 Exception <a 'sun/nio/fs/WindowsException'{0x00000000d5755f38}> (0x00000000d5755f38) 
thrown [s\src\hotspot\share\prims\jni.cpp, line 520]
Event: 1522.455 Thread 0x000001b1769969e0 Exception <a 'sun/nio/fs/WindowsException'{0x00000000d57f17d0}> (0x00000000d57f17d0) 
thrown [s\src\hotspot\share\prims\jni.cpp, line 520]
Event: 1568.315 Thread 0x000001b17abc1ec0 Implicit null exception at 0x000001b1654a10c0 to 0x000001b1654a38e8

ZGC Phase Switch (0 events):
No events

VM Operations (20 events):
Event: 1569.292 Executing safepoint VM operation: ParallelGCFailedAllocation (Allocation Failure)
Event: 1569.296 Executing safepoint VM operation: ParallelGCFailedAllocation (Allocation Failure) done
Event: 1569.321 Executing safepoint VM operation: ParallelGCFailedAllocation (Allocation Failure)
Event: 1569.325 Executing safepoint VM operation: ParallelGCFailedAllocation (Allocation Failure) done
Event: 1569.339 Executing safepoint VM operation: ParallelGCFailedAllocation (Allocation Failure)
Event: 1569.343 Executing safepoint VM operation: ParallelGCFailedAllocation (Allocation Failure) done
Event: 1569.365 Executing safepoint VM operation: ParallelGCFailedAllocation (Allocation Failure)
Event: 1569.370 Executing safepoint VM operation: ParallelGCFailedAllocation (Allocation Failure) done
Event: 1569.546 Executing safepoint VM operation: ParallelGCFailedAllocation (Allocation Failure)
Event: 1569.552 Executing safepoint VM operation: ParallelGCFailedAllocation (Allocation Failure) done
Event: 1569.894 Executing safepoint VM operation: ParallelGCFailedAllocation (Allocation Failure)
Event: 1569.899 Executing safepoint VM operation: ParallelGCFailedAllocation (Allocation Failure) done
Event: 1570.204 Executing safepoint VM operation: ParallelGCFailedAllocation (Allocation Failure)
Event: 1570.207 Executing safepoint VM operation: ParallelGCFailedAllocation (Allocation Failure) done
Event: 1571.092 Executing safepoint VM operation: ParallelGCFailedAllocation (Allocation Failure)
Event: 1571.097 Executing safepoint VM operation: ParallelGCFailedAllocation (Allocation Failure) done
Event: 1571.463 Executing safepoint VM operation: ParallelGCFailedAllocation (Allocation Failure)
Event: 1571.468 Executing safepoint VM operation: ParallelGCFailedAllocation (Allocation Failure) done
Event: 1571.795 Executing safepoint VM operation: ParallelGCFailedAllocation (Allocation Failure)
Event: 1571.800 Executing safepoint VM operation: ParallelGCFailedAllocation (Allocation Failure) done

Memory protections (0 events):
No events

Nmethod flushes (20 events):
Event: 1191.848 Thread 0x000001b1703525e0 flushing  nmethod 0x000001b15fa38810
Event: 1191.848 Thread 0x000001b1703525e0 flushing  nmethod 0x000001b15fa56c90
Event: 1191.848 Thread 0x000001b1703525e0 flushing  nmethod 0x000001b15fa5ea10
Event: 1191.848 Thread 0x000001b1703525e0 flushing  nmethod 0x000001b15fa61410
Event: 1191.848 Thread 0x000001b1703525e0 flushing  nmethod 0x000001b15fa71710
Event: 1191.848 Thread 0x000001b1703525e0 flushing  nmethod 0x000001b15fad5690
Event: 1191.848 Thread 0x000001b1703525e0 flushing  nmethod 0x000001b15fad5b10
Event: 1191.848 Thread 0x000001b1703525e0 flushing  nmethod 0x000001b15fad9790
Event: 1191.848 Thread 0x000001b1703525e0 flushing  nmethod 0x000001b15fadd590
Event: 1191.848 Thread 0x000001b1703525e0 flushing  nmethod 0x000001b15fae9c10
Event: 1191.848 Thread 0x000001b1703525e0 flushing  nmethod 0x000001b15fafda10
Event: 1191.848 Thread 0x000001b1703525e0 flushing  nmethod 0x000001b15fafe990
Event: 1191.848 Thread 0x000001b1703525e0 flushing  nmethod 0x000001b15fb51590
Event: 1191.848 Thread 0x000001b1703525e0 flushing  nmethod 0x000001b15fb77490
Event: 1191.848 Thread 0x000001b1703525e0 flushing  nmethod 0x000001b15fb92e10
Event: 1191.848 Thread 0x000001b1703525e0 flushing  nmethod 0x000001b15fbd7110
Event: 1191.848 Thread 0x000001b1703525e0 flushing  nmethod 0x000001b15fbdb790
Event: 1191.848 Thread 0x000001b1703525e0 flushing  nmethod 0x000001b15fbe0290
Event: 1191.848 Thread 0x000001b1703525e0 flushing  nmethod 0x000001b15fbe3d10
Event: 1191.848 Thread 0x000001b1703525e0 flushing  nmethod 0x000001b15fbe5310

Events (20 events):
Event: 1367.798 Thread 0x000001b17abc2550 Thread added: 0x000001b17a90c320
Event: 1367.799 Thread 0x000001b17a90c320 Thread exited: 0x000001b17a90c320
Event: 1394.705 Thread 0x000001b17abc1ec0 Thread added: 0x000001b17a90d6d0
Event: 1430.263 Thread 0x000001b171c10110 Thread added: 0x000001b17b527060
Event: 1430.506 Thread 0x000001b17b527060 Thread exited: 0x000001b17b527060
Event: 1431.022 Thread 0x000001b171c10110 Thread added: 0x000001b17b528ba0
Event: 1432.049 Thread 0x000001b17b528ba0 Thread exited: 0x000001b17b528ba0
Event: 1432.793 Thread 0x000001b17a90b600 Thread added: 0x000001b17abbbc50
Event: 1454.723 Thread 0x000001b17a90d6d0 Thread exited: 0x000001b17a90d6d0
Event: 1472.392 Thread 0x000001b17a90b600 Thread added: 0x000001b17abbf760
Event: 1472.841 Thread 0x000001b17abc2550 Thread added: 0x000001b17abbfdf0
Event: 1486.914 Thread 0x000001b171c10110 Thread added: 0x000001b17b52a6e0
Event: 1487.524 Thread 0x000001b17b52a6e0 Thread exited: 0x000001b17b52a6e0
Event: 1491.671 Thread 0x000001b17d061180 Thread exited: 0x000001b17d061180
Event: 1497.826 Thread 0x000001b17a90b600 Thread added: 0x000001b17708e030
Event: 1498.080 Thread 0x000001b17abc1ec0 Thread added: 0x000001b17708bf60
Event: 1501.586 Thread 0x000001b17d060af0 Thread exited: 0x000001b17d060af0
Event: 1512.838 Thread 0x000001b171c10110 Thread added: 0x000001b17b527730
Event: 1513.165 Thread 0x000001b17b527730 Thread exited: 0x000001b17b527730
Event: 1515.924 Thread 0x000001b17abc1ec0 Thread added: 0x000001b177092860


Dynamic libraries:
0x00007ff61dce0000 - 0x00007ff61dcee000 	c:\Users\HP\.vscode\extensions\redhat.java-1.53.0-win32-x64\jre\21.0.10-win32-x86_64\bin\java.exe
0x00007ffff4860000 - 0x00007ffff4ac8000 	C:\WINDOWS\SYSTEM32\ntdll.dll
0x00007ffff37d0000 - 0x00007ffff3899000 	C:\WINDOWS\System32\KERNEL32.DLL
0x00007ffff1dd0000 - 0x00007ffff21c1000 	C:\WINDOWS\System32\KERNELBASE.dll
0x00007ffff2370000 - 0x00007ffff24bb000 	C:\WINDOWS\System32\ucrtbase.dll
0x00007fffea170000 - 0x00007fffea188000 	c:\Users\HP\.vscode\extensions\redhat.java-1.53.0-win32-x64\jre\21.0.10-win32-x86_64\bin\jli.dll
0x00007ffff42e0000 - 0x00007ffff44a6000 	C:\WINDOWS\System32\USER32.dll
0x00007ffff2340000 - 0x00007ffff2367000 	C:\WINDOWS\System32\win32u.dll
0x00007ffff3790000 - 0x00007ffff37bb000 	C:\WINDOWS\System32\GDI32.dll
0x00007ffff0340000 - 0x00007ffff05d3000 	C:\WINDOWS\WinSxS\amd64_microsoft.windows.common-controls_6595b64144ccf1df_6.0.26100.7824_none_3e0870b2e3345462\COMCTL32.dll
0x00007ffff1ca0000 - 0x00007ffff1dcb000 	C:\WINDOWS\System32\gdi32full.dll
0x00007fffea500000 - 0x00007fffea51e000 	c:\Users\HP\.vscode\extensions\redhat.java-1.53.0-win32-x64\jre\21.0.10-win32-x86_64\bin\VCRUNTIME140.dll
0x00007ffff2eb0000 - 0x00007ffff2f59000 	C:\WINDOWS\System32\msvcrt.dll
0x00007ffff24c0000 - 0x00007ffff2563000 	C:\WINDOWS\System32\msvcp_win.dll
0x00007ffff2f90000 - 0x00007ffff2fc1000 	C:\WINDOWS\System32\IMM32.DLL
0x00007fffebd10000 - 0x00007fffebd1c000 	c:\Users\HP\.vscode\extensions\redhat.java-1.53.0-win32-x64\jre\21.0.10-win32-x86_64\bin\vcruntime140_1.dll
0x00007fffb98c0000 - 0x00007fffb994d000 	c:\Users\HP\.vscode\extensions\redhat.java-1.53.0-win32-x64\jre\21.0.10-win32-x86_64\bin\msvcp140.dll
0x00007fff54bb0000 - 0x00007fff55951000 	c:\Users\HP\.vscode\extensions\redhat.java-1.53.0-win32-x64\jre\21.0.10-win32-x86_64\bin\server\jvm.dll
0x00007ffff4220000 - 0x00007ffff42d4000 	C:\WINDOWS\System32\ADVAPI32.dll
0x00007ffff38a0000 - 0x00007ffff3946000 	C:\WINDOWS\System32\sechost.dll
0x00007ffff39a0000 - 0x00007ffff3ab8000 	C:\WINDOWS\System32\RPCRT4.dll
0x00007ffff3ad0000 - 0x00007ffff3b44000 	C:\WINDOWS\System32\WS2_32.dll
0x00007fffd6db0000 - 0x00007fffd6de5000 	C:\WINDOWS\SYSTEM32\WINMM.dll
0x00007ffff0fc0000 - 0x00007ffff101e000 	C:\WINDOWS\SYSTEM32\POWRPROF.dll
0x00007fffe21b0000 - 0x00007fffe21bb000 	C:\WINDOWS\SYSTEM32\VERSION.dll
0x00007ffff0fa0000 - 0x00007ffff0fb4000 	C:\WINDOWS\SYSTEM32\UMPDC.dll
0x00007fffef580000 - 0x00007fffef59b000 	C:\WINDOWS\SYSTEM32\kernel.appcore.dll
0x00007fffe99c0000 - 0x00007fffe99ca000 	c:\Users\HP\.vscode\extensions\redhat.java-1.53.0-win32-x64\jre\21.0.10-win32-x86_64\bin\jimage.dll
0x00007ffff0910000 - 0x00007ffff0b52000 	C:\WINDOWS\SYSTEM32\DBGHELP.DLL
0x00007ffff2600000 - 0x00007ffff2986000 	C:\WINDOWS\System32\combase.dll
0x00007ffff4110000 - 0x00007ffff41e7000 	C:\WINDOWS\System32\OLEAUT32.dll
0x00007ffff07e0000 - 0x00007ffff081b000 	C:\WINDOWS\SYSTEM32\dbgcore.DLL
0x00007ffff1140000 - 0x00007ffff11e5000 	C:\WINDOWS\System32\bcryptPrimitives.dll
0x00007fffe7500000 - 0x00007fffe750f000 	c:\Users\HP\.vscode\extensions\redhat.java-1.53.0-win32-x64\jre\21.0.10-win32-x86_64\bin\instrument.dll
0x00007fffe09f0000 - 0x00007fffe0a10000 	c:\Users\HP\.vscode\extensions\redhat.java-1.53.0-win32-x64\jre\21.0.10-win32-x86_64\bin\java.dll
0x00007ffff2fd0000 - 0x00007ffff3722000 	C:\WINDOWS\System32\SHELL32.dll
0x00007ffff21d0000 - 0x00007ffff233a000 	C:\WINDOWS\System32\wintypes.dll
0x00007ffff12b0000 - 0x00007ffff1b13000 	C:\WINDOWS\System32\windows.storage.dll
0x00007ffff4010000 - 0x00007ffff4106000 	C:\WINDOWS\System32\SHCORE.dll
0x00007ffff3fa0000 - 0x00007ffff4007000 	C:\WINDOWS\System32\shlwapi.dll
0x00007ffff1060000 - 0x00007ffff1089000 	C:\WINDOWS\SYSTEM32\profapi.dll
0x00007fffdbe20000 - 0x00007fffdbe38000 	c:\Users\HP\.vscode\extensions\redhat.java-1.53.0-win32-x64\jre\21.0.10-win32-x86_64\bin\zip.dll
0x00007fffe74f0000 - 0x00007fffe7500000 	C:\Users\HP\.vscode\extensions\redhat.java-1.53.0-win32-x64\jre\21.0.10-win32-x86_64\bin\net.dll
0x00007fffe8ec0000 - 0x00007fffe8fe7000 	C:\WINDOWS\SYSTEM32\WINHTTP.dll
0x00007fffefac0000 - 0x00007fffefb2b000 	C:\WINDOWS\system32\mswsock.dll
0x00007fffdbbb0000 - 0x00007fffdbbc6000 	C:\Users\HP\.vscode\extensions\redhat.java-1.53.0-win32-x64\jre\21.0.10-win32-x86_64\bin\nio.dll
0x00007fffe7430000 - 0x00007fffe7440000 	c:\Users\HP\.vscode\extensions\redhat.java-1.53.0-win32-x64\jre\21.0.10-win32-x86_64\bin\verify.dll
0x00007fffc4510000 - 0x00007fffc4555000 	C:\Users\HP\AppData\Roaming\Code\User\globalStorage\redhat.java\1.53.0\config_win\org.eclipse.equinox.launcher\org.eclipse.equinox.launcher.win32.win32.x86_64_1.3.0.v20260203-2149\eclipse_11919.dll
0x00007ffff44b0000 - 0x00007ffff4647000 	C:\WINDOWS\System32\ole32.dll
0x00007fffe09e0000 - 0x00007fffe09ea000 	C:\Users\HP\.vscode\extensions\redhat.java-1.53.0-win32-x64\jre\21.0.10-win32-x86_64\bin\management.dll
0x00007fffe06a0000 - 0x00007fffe06ac000 	C:\Users\HP\.vscode\extensions\redhat.java-1.53.0-win32-x64\jre\21.0.10-win32-x86_64\bin\management_ext.dll
0x00007ffff4210000 - 0x00007ffff4218000 	C:\WINDOWS\System32\PSAPI.DLL
0x00007ffff0c60000 - 0x00007ffff0c7b000 	C:\WINDOWS\SYSTEM32\CRYPTSP.dll
0x00007fffefdc0000 - 0x00007fffefdf9000 	C:\WINDOWS\system32\rsaenh.dll
0x00007fffefb30000 - 0x00007fffefb5b000 	C:\WINDOWS\SYSTEM32\USERENV.dll
0x00007ffff1030000 - 0x00007ffff105a000 	C:\WINDOWS\SYSTEM32\bcrypt.dll
0x00007fffefdb0000 - 0x00007fffefdbc000 	C:\WINDOWS\SYSTEM32\CRYPTBASE.dll
0x00007fffeefb0000 - 0x00007fffeefe4000 	C:\WINDOWS\SYSTEM32\IPHLPAPI.DLL
0x00007ffff3ac0000 - 0x00007ffff3aca000 	C:\WINDOWS\System32\NSI.dll
0x00007fffbd0d0000 - 0x00007fffbd119000 	C:\Users\HP\AppData\Local\Temp\jna-1141125397\jna6074520399110349181.dll
0x00007fffe8cd0000 - 0x00007fffe8cee000 	C:\WINDOWS\SYSTEM32\dhcpcsvc6.DLL
0x00007fffe8ca0000 - 0x00007fffe8cc3000 	C:\WINDOWS\SYSTEM32\dhcpcsvc.DLL
0x00007fffe24b0000 - 0x00007fffe24be000 	C:\Users\HP\.vscode\extensions\redhat.java-1.53.0-win32-x64\jre\21.0.10-win32-x86_64\bin\sunmscapi.dll
0x00007ffff1b20000 - 0x00007ffff1c97000 	C:\WINDOWS\System32\CRYPT32.dll
0x00007ffff0140000 - 0x00007ffff0170000 	C:\WINDOWS\SYSTEM32\ncrypt.dll
0x00007ffff00f0000 - 0x00007ffff012f000 	C:\WINDOWS\SYSTEM32\NTASN1.dll
0x00007fffef040000 - 0x00007fffef16c000 	C:\WINDOWS\SYSTEM32\DNSAPI.dll
0x00007fffe4000000 - 0x00007fffe400b000 	C:\Windows\System32\rasadhlp.dll
0x00007fffe4030000 - 0x00007fffe40b6000 	C:\WINDOWS\System32\fwpuclnt.dll
0x00007fffdbe10000 - 0x00007fffdbe19000 	C:\Users\HP\.vscode\extensions\redhat.java-1.53.0-win32-x64\jre\21.0.10-win32-x86_64\bin\extnet.dll

JVMTI agents:
c:\Users\HP\.vscode\extensions\redhat.java-1.53.0-win32-x64\lombok\lombok-1.18.39-4050.jar path:c:\Users\HP\.vscode\extensions\redhat.java-1.53.0-win32-x64\jre\21.0.10-win32-x86_64\bin\instrument.dll, loaded, initialized, instrumentlib options:none

dbghelp: loaded successfully - version: 4.0.5 - missing functions: none
symbol engine: initialized successfully - sym options: 0x614 - pdb path: .;c:\Users\HP\.vscode\extensions\redhat.java-1.53.0-win32-x64\jre\21.0.10-win32-x86_64\bin;C:\WINDOWS\SYSTEM32;C:\WINDOWS\WinSxS\amd64_microsoft.windows.common-controls_6595b64144ccf1df_6.0.26100.7824_none_3e0870b2e3345462;c:\Users\HP\.vscode\extensions\redhat.java-1.53.0-win32-x64\jre\21.0.10-win32-x86_64\bin\server;C:\Users\HP\AppData\Roaming\Code\User\globalStorage\redhat.java\1.53.0\config_win\org.eclipse.equinox.launcher\org.eclipse.equinox.launcher.win32.win32.x86_64_1.3.0.v20260203-2149;C:\Users\HP\AppData\Local\Temp\jna-1141125397

VM Arguments:
jvm_args: --add-modules=ALL-SYSTEM --add-opens=java.base/java.util=ALL-UNNAMED --add-opens=java.base/java.lang=ALL-UNNAMED --add-opens=java.base/sun.nio.fs=ALL-UNNAMED -Declipse.application=org.eclipse.jdt.ls.core.id1 -Dosgi.bundles.defaultStartLevel=4 -Declipse.product=org.eclipse.jdt.ls.core.product -Djava.import.generatesMetadataFilesAtProjectRoot=false -DDetectVMInstallationsJob.disabled=true -Dfile.encoding=utf8 -XX:+UseParallelGC -XX:GCTimeRatio=4 -XX:AdaptiveSizePolicyWeight=90 -Dsun.zip.disableMemoryMapping=true -Xmx2G -Xms100m -Xlog:disable -javaagent:c:\Users\HP\.vscode\extensions\redhat.java-1.53.0-win32-x64\lombok\lombok-1.18.39-4050.jar -XX:+HeapDumpOnOutOfMemoryError -XX:HeapDumpPath=c:\Users\HP\AppData\Roaming\Code\User\workspaceStorage\b8dad535551ebcc4a6302d505ce431a7\redhat.java -Daether.dependencyCollector.impl=bf 
java_command: c:\Users\HP\.vscode\extensions\redhat.java-1.53.0-win32-x64\server\plugins\org.eclipse.equinox.launcher_1.7.100.v20251111-0406.jar -configuration c:\Users\HP\AppData\Roaming\Code\User\globalStorage\redhat.java\1.53.0\config_win -data c:\Users\HP\AppData\Roaming\Code\User\workspaceStorage\b8dad535551ebcc4a6302d505ce431a7\redhat.java\jdt_ws --pipe=\\.\pipe\lsp-ae7dbea31906462ac15bae3ffa1a6f79-sock
java_class_path (initial): c:\Users\HP\.vscode\extensions\redhat.java-1.53.0-win32-x64\server\plugins\org.eclipse.equinox.launcher_1.7.100.v20251111-0406.jar
Launcher Type: SUN_STANDARD

[Global flags]
    uintx AdaptiveSizePolicyWeight                 = 90                                        {product} {command line}
     intx CICompilerCount                          = 4                                         {product} {ergonomic}
    uintx GCTimeRatio                              = 4                                         {product} {command line}
     bool HeapDumpOnOutOfMemoryError               = true                                   {manageable} {command line}
    ccstr HeapDumpPath                             = c:\Users\HP\AppData\Roaming\Code\User\workspaceStorage\b8dad535551ebcc4a6302d505ce431a7\redhat.java         {manageable} {command line}
   size_t InitialHeapSize                          = 104857600                                 {product} {command line}
   size_t MaxHeapSize                              = 2147483648                                {product} {command line}
   size_t MaxNewSize                               = 715653120                                 {product} {ergonomic}
   size_t MinHeapDeltaBytes                        = 524288                                    {product} {ergonomic}
   size_t MinHeapSize                              = 104857600                                 {product} {command line}
   size_t NewSize                                  = 34603008                                  {product} {ergonomic}
    uintx NonNMethodCodeHeapSize                   = 5839372                                {pd product} {ergonomic}
    uintx NonProfiledCodeHeapSize                  = 122909434                              {pd product} {ergonomic}
   size_t OldSize                                  = 70254592                                  {product} {ergonomic}
    uintx ProfiledCodeHeapSize                     = 122909434                              {pd product} {ergonomic}
    uintx ReservedCodeCacheSize                    = 251658240                              {pd product} {ergonomic}
     bool SegmentedCodeCache                       = true                                      {product} {ergonomic}
   size_t SoftMaxHeapSize                          = 2147483648                             {manageable} {ergonomic}
     bool UseCompressedOops                        = true                           {product lp64_product} {ergonomic}
     bool UseLargePagesIndividualAllocation        = false                                  {pd product} {ergonomic}
     bool UseParallelGC                            = true                                      {product} {command line}

Logging:
Log output configuration:
 #0: stdout all=off uptime,level,tags foldmultilines=false
 #1: stderr all=off uptime,level,tags foldmultilines=false

Release file:
JAVA_VERSION="21.0.10" 
MODULES="java.base java.compiler java.datatransfer java.xml java.prefs java.desktop java.instrument java.logging java.management java.security.sasl java.naming java.rmi java.management.rmi java.net.http java.scripting java.security.jgss java.transaction.xa java.sql java.sql.rowset java.xml.crypto java.se java.smartcardio jdk.accessibility jdk.internal.jvmstat jdk.attach jdk.charsets jdk.internal.opt jdk.zipfs jdk.compiler jdk.crypto.ec jdk.crypto.cryptoki jdk.crypto.mscapi jdk.dynalink jdk.internal.ed jdk.editpad jdk.hotspot.agent jdk.httpserver jdk.internal.le jdk.internal.vm.ci jdk.internal.vm.compiler jdk.internal.vm.compiler.management jdk.jartool jdk.javadoc jdk.jcmd jdk.management jdk.management.agent jdk.jconsole jdk.jdeps jdk.jdwp.agent jdk.jdi jdk.jfr jdk.jshell jdk.jsobject jdk.jstatd jdk.localedata jdk.management.jfr jdk.naming.dns jdk.naming.rmi jdk.net jdk.nio.mapmode jdk.random jdk.sctp jdk.security.auth jdk.security.jgss jdk.unsupported jdk.unsupported.desktop jdk.xml.dom" 

Environment Variables:
JAVA_HOME=D:\java
PATH=C:\Users\HP\AppData\Local\Programs\Microsoft VS Code;D:\sqlOracle\bin;D:\java\bin;C:\Users\HP\AppData\Local\Programs\Python\Python310\Scripts\;C:\Users\HP\AppData\Local\Programs\Python\Python310\;D:\python\Scripts\;D:\python\;C:\Program Files (x86)\Common Files\Intel\Shared Libraries\redist\intel64\compiler;C:\WINDOWS\system32;C:\WINDOWS;C:\WINDOWS\System32\Wbem;C:\WINDOWS\System32\WindowsPowerShell\v1.0\;C:\WINDOWS\System32\OpenSSH\;C:\msys64\mingw64\bin;C:\Program Files\HP\HP One Agent;D:\laptrinh\node-javascipt\;C:\WINDOWS\system32;C:\WINDOWS;C:\WINDOWS\System32\Wbem;C:\WINDOWS\System32\WindowsPowerShell\v1.0\;C:\WINDOWS\System32\OpenSSH\;C:\Program Files\Microsoft SQL Server\150\Tools\Binn\;D:\git\Git\cmd;C:\Program Files (x86)\Microsoft SQL Server\160\Tools\Binn\;C:\Program Files\Microsoft SQL Server\160\Tools\Binn\;C:\Program Files\Microsoft SQL Server\Client SDK\ODBC\170\Tools\Binn\;C:\Program Files\Microsoft SQL Server\160\DTS\Binn\;C:\Program Files (x86)\Microsoft SQL Server\160\DTS\Binn\;C:\Program Files\Azure Data Studio\bin;D:\java\bin;C:\Program Files\Cloudflare\Cloudflare WARP\;D:\java\bin;C:\Program Files\MySQL\MySQL Shell 8.0\bin\;C:\Users\HP\AppData\Local\Programs\Python\Python312\Scripts\;C:\Users\HP\AppData\Local\Programs\Python\Python312\;C:\Users\HP\AppData\Local\Programs\Python\Launcher\;C:\Users\HP\AppData\Local\Microsoft\WindowsApps;C:\Users\HP\AppData\Roaming\Microsoft\Windows\Start Menu\Programs\Python 3.9;C:\Users\HP\AppData\Local\Programs\Microsoft VS Code\bin;D:\laptrinh\pycham\PyCharm Community Edition 2022.2.1\bin;;C:\Users\HP\AppData\Roaming\npm;D:\git\Git\cmd;D:\chromedriver\chromedriver-win64\chromedriver-win64;C:\Windows\System32\nircmd-x64;;C:\Program Files\Azure Data Studio\bin
USERNAME=Thinh Huynh
OS=Windows_NT
PROCESSOR_IDENTIFIER=Intel64 Family 6 Model 126 Stepping 5, GenuineIntel
TMP=C:\Users\HP\AppData\Local\Temp
TEMP=C:\Users\HP\AppData\Local\Temp




Periodic native trim disabled

---------------  S Y S T E M  ---------------

OS:
 Windows 11 , 64 bit Build 26100 (10.0.26100.7705)
OS uptime: 5 days 5:23 hours
Hyper-V role detected

CPU: total 8 (initial active 8) (4 cores per cpu, 2 threads per core) family 6 model 126 stepping 5 microcode 0xbc, cx8, cmov, fxsr, ht, mmx, 3dnowpref, sse, sse2, sse3, ssse3, sse4.1, sse4.2, popcnt, lzcnt, tsc, tscinvbit, avx, avx2, aes, erms, clmul, bmi1, bmi2, adx, avx512f, avx512dq, avx512cd, avx512bw, avx512vl, sha, fma, vzeroupper, avx512_vpopcntdq, avx512_vpclmulqdq, avx512_vaes, avx512_vnni, clflush, clflushopt, avx512_vbmi2, avx512_vbmi, hv, rdtscp, rdpid, fsrm, gfni, avx512_bitalg, f16c, avx512_ifma
Processor Information for the first 8 processors :
  Max Mhz: 1201, Current Mhz: 1201, Mhz Limit: 1201

Memory: 4k page, system-wide physical 16071M (1168M free)
TotalPageFile size 24335M (AvailPageFile size 0M)
current process WorkingSet (physical memory assigned to process): 1845M, peak: 1845M
current process commit charge ("private bytes"): 1779M, peak: 1780M

vm_info: OpenJDK 64-Bit Server VM (21.0.10+7-LTS) for windows-amd64 JRE (21.0.10+7-LTS), built on 2026-01-20T00:00:00Z by "admin" with MS VC++ 17.12 (VS2022)

END.
